Archive member included because of file (symbol)

C:\Softwares\CooCox\GNU Tools ARM Embedded\4.6 2012q2\arm-none-eabi\lib\armv7e-m\fpu\libm.a(lib_a-s_atan.o)
                              ..\obj\main.o (atan)
C:\Softwares\CooCox\GNU Tools ARM Embedded\4.6 2012q2\arm-none-eabi\lib\armv7e-m\fpu\libm.a(lib_a-s_cos.o)
                              ..\obj\main.o (cos)
C:\Softwares\CooCox\GNU Tools ARM Embedded\4.6 2012q2\arm-none-eabi\lib\armv7e-m\fpu\libm.a(lib_a-s_fabs.o)
                              C:\Softwares\CooCox\GNU Tools ARM Embedded\4.6 2012q2\arm-none-eabi\lib\armv7e-m\fpu\libm.a(lib_a-s_atan.o) (fabs)
C:\Softwares\CooCox\GNU Tools ARM Embedded\4.6 2012q2\arm-none-eabi\lib\armv7e-m\fpu\libm.a(lib_a-s_sin.o)
                              ..\obj\main.o (sin)
C:\Softwares\CooCox\GNU Tools ARM Embedded\4.6 2012q2\arm-none-eabi\lib\armv7e-m\fpu\libm.a(lib_a-w_acos.o)
                              ..\obj\main.o (acos)
C:\Softwares\CooCox\GNU Tools ARM Embedded\4.6 2012q2\arm-none-eabi\lib\armv7e-m\fpu\libm.a(lib_a-e_acos.o)
                              C:\Softwares\CooCox\GNU Tools ARM Embedded\4.6 2012q2\arm-none-eabi\lib\armv7e-m\fpu\libm.a(lib_a-w_acos.o) (__ieee754_acos)
C:\Softwares\CooCox\GNU Tools ARM Embedded\4.6 2012q2\arm-none-eabi\lib\armv7e-m\fpu\libm.a(lib_a-e_rem_pio2.o)
                              C:\Softwares\CooCox\GNU Tools ARM Embedded\4.6 2012q2\arm-none-eabi\lib\armv7e-m\fpu\libm.a(lib_a-s_cos.o) (__ieee754_rem_pio2)
C:\Softwares\CooCox\GNU Tools ARM Embedded\4.6 2012q2\arm-none-eabi\lib\armv7e-m\fpu\libm.a(lib_a-e_sqrt.o)
                              C:\Softwares\CooCox\GNU Tools ARM Embedded\4.6 2012q2\arm-none-eabi\lib\armv7e-m\fpu\libm.a(lib_a-e_acos.o) (__ieee754_sqrt)
C:\Softwares\CooCox\GNU Tools ARM Embedded\4.6 2012q2\arm-none-eabi\lib\armv7e-m\fpu\libm.a(lib_a-k_cos.o)
                              C:\Softwares\CooCox\GNU Tools ARM Embedded\4.6 2012q2\arm-none-eabi\lib\armv7e-m\fpu\libm.a(lib_a-s_cos.o) (__kernel_cos)
C:\Softwares\CooCox\GNU Tools ARM Embedded\4.6 2012q2\arm-none-eabi\lib\armv7e-m\fpu\libm.a(lib_a-k_rem_pio2.o)
                              C:\Softwares\CooCox\GNU Tools ARM Embedded\4.6 2012q2\arm-none-eabi\lib\armv7e-m\fpu\libm.a(lib_a-e_rem_pio2.o) (__kernel_rem_pio2)
C:\Softwares\CooCox\GNU Tools ARM Embedded\4.6 2012q2\arm-none-eabi\lib\armv7e-m\fpu\libm.a(lib_a-k_sin.o)
                              C:\Softwares\CooCox\GNU Tools ARM Embedded\4.6 2012q2\arm-none-eabi\lib\armv7e-m\fpu\libm.a(lib_a-s_cos.o) (__kernel_sin)
C:\Softwares\CooCox\GNU Tools ARM Embedded\4.6 2012q2\arm-none-eabi\lib\armv7e-m\fpu\libm.a(lib_a-s_floor.o)
                              C:\Softwares\CooCox\GNU Tools ARM Embedded\4.6 2012q2\arm-none-eabi\lib\armv7e-m\fpu\libm.a(lib_a-k_rem_pio2.o) (floor)
C:\Softwares\CooCox\GNU Tools ARM Embedded\4.6 2012q2\arm-none-eabi\lib\armv7e-m\fpu\libm.a(lib_a-s_fpclassify.o)
                              C:\Softwares\CooCox\GNU Tools ARM Embedded\4.6 2012q2\arm-none-eabi\lib\armv7e-m\fpu\libm.a(lib_a-w_acos.o) (__fpclassifyd)
C:\Softwares\CooCox\GNU Tools ARM Embedded\4.6 2012q2\arm-none-eabi\lib\armv7e-m\fpu\libm.a(lib_a-s_lib_ver.o)
                              C:\Softwares\CooCox\GNU Tools ARM Embedded\4.6 2012q2\arm-none-eabi\lib\armv7e-m\fpu\libm.a(lib_a-w_acos.o) (__fdlib_version)
C:\Softwares\CooCox\GNU Tools ARM Embedded\4.6 2012q2\arm-none-eabi\lib\armv7e-m\fpu\libm.a(lib_a-s_matherr.o)
                              C:\Softwares\CooCox\GNU Tools ARM Embedded\4.6 2012q2\arm-none-eabi\lib\armv7e-m\fpu\libm.a(lib_a-w_acos.o) (matherr)
C:\Softwares\CooCox\GNU Tools ARM Embedded\4.6 2012q2\arm-none-eabi\lib\armv7e-m\fpu\libm.a(lib_a-s_nan.o)
                              C:\Softwares\CooCox\GNU Tools ARM Embedded\4.6 2012q2\arm-none-eabi\lib\armv7e-m\fpu\libm.a(lib_a-w_acos.o) (nan)
C:\Softwares\CooCox\GNU Tools ARM Embedded\4.6 2012q2\arm-none-eabi\lib\armv7e-m\fpu\libm.a(lib_a-s_scalbn.o)
                              C:\Softwares\CooCox\GNU Tools ARM Embedded\4.6 2012q2\arm-none-eabi\lib\armv7e-m\fpu\libm.a(lib_a-k_rem_pio2.o) (scalbn)
C:\Softwares\CooCox\GNU Tools ARM Embedded\4.6 2012q2\arm-none-eabi\lib\armv7e-m\fpu\libm.a(lib_a-s_copysign.o)
                              C:\Softwares\CooCox\GNU Tools ARM Embedded\4.6 2012q2\arm-none-eabi\lib\armv7e-m\fpu\libm.a(lib_a-s_scalbn.o) (copysign)
c:/softwares/coocox/gnu tools arm embedded/4.6 2012q2/bin/../lib/gcc/arm-none-eabi/4.6.2/armv7e-m/fpu\libgcc.a(_arm_addsubdf3.o)
                              C:\Softwares\CooCox\GNU Tools ARM Embedded\4.6 2012q2\arm-none-eabi\lib\armv7e-m\fpu\libm.a(lib_a-s_atan.o) (__aeabi_dsub)
c:/softwares/coocox/gnu tools arm embedded/4.6 2012q2/bin/../lib/gcc/arm-none-eabi/4.6.2/armv7e-m/fpu\libgcc.a(_arm_muldivdf3.o)
                              ..\obj\main.o (__aeabi_dmul)
c:/softwares/coocox/gnu tools arm embedded/4.6 2012q2/bin/../lib/gcc/arm-none-eabi/4.6.2/armv7e-m/fpu\libgcc.a(_arm_cmpdf2.o)
[...]
Memory Configuration

Name             Origin             Length             Attributes
rom              0x08000000         0x00100000         xr
ram              0x20000000         0x00020000         xrw
ram1             0x10000000         0x00010000         xrw
*default*        0x00000000         0xffffffff

Linker script and memory map

                0x20020000                _eram = 0x20020000

.text           0x08000000     0xffbc
 *(.isr_vector)
 .isr_vector    0x08000000      0x188 ..\obj\startup_stm32f4xx.o
                0x08000000                g_pfnVectors
 *(.text*)
 .text.USART_Init
                0x08000188      0x1ac ..\obj\stm32f4xx_usart.o
                0x08000188                USART_Init
 .text.USART_Cmd
                0x08000334       0x40 ..\obj\stm32f4xx_usart.o
                0x08000334                USART_Cmd
 .text.USART_SendData
                0x08000374       0x38 ..\obj\stm32f4xx_usart.o
                0x08000374                USART_SendData
 .text.USART_ITConfig
                0x080003ac       0xa4 ..\obj\stm32f4xx_usart.o
                0x080003ac                USART_ITConfig
 .text.USART_GetITStatus
                0x08000450       0xc4 ..\obj\stm32f4xx_usart.o
                0x08000450                USART_GetITStatus
 .text.Default_Reset_Handler
                0x08000514       0x78 ..\obj\startup_stm32f4xx.o
                0x08000514                Default_Reset_Handler
                0x08000514                Reset_Handler
 .text.Default_Handler
                0x0800058c        0x8 ..\obj\startup_stm32f4xx.o
                0x0800058c                RTC_Alarm_IRQHandler
                0x0800058c                HASH_RNG_IRQHandler
                0x0800058c                EXTI2_IRQHandler
                0x0800058c                TIM8_CC_IRQHandler
                0x0800058c                DebugMon_Handler
                0x0800058c                TIM1_CC_IRQHandler
                0x0800058c                DMA2_Stream5_IRQHandler
                0x0800058c                HardFault_Handler
                0x0800058c                DMA1_Stream5_IRQHandler
                0x0800058c                PVD_IRQHandler
                0x0800058c                SDIO_IRQHandler
                0x0800058c                TAMP_STAMP_IRQHandler
                0x0800058c                PendSV_Handler
                0x0800058c                NMI_Handler
                0x0800058c                CAN2_RX1_IRQHandler
                0x0800058c                EXTI3_IRQHandler
                0x0800058c                TIM8_TRG_COM_TIM14_IRQHandler
                0x0800058c                TIM1_UP_TIM10_IRQHandler
                0x0800058c                TIM8_UP_TIM13_IRQHandler
                0x0800058c                I2C3_ER_IRQHandler
                0x0800058c                EXTI0_IRQHandler
                0x0800058c                I2C2_EV_IRQHandler
                0x0800058c                DMA1_Stream2_IRQHandler
                0x0800058c                CAN1_RX0_IRQHandler
                0x0800058c                FPU_IRQHandler
                0x0800058c                OTG_HS_WKUP_IRQHandler
                0x0800058c                UsageFault_Handler
                0x0800058c                CAN2_SCE_IRQHandler
                0x0800058c                DMA2_Stream2_IRQHandler
                0x0800058c                SPI1_IRQHandler
                0x0800058c                TIM6_DAC_IRQHandler
                0x0800058c                TIM1_BRK_TIM9_IRQHandler
                0x0800058c                DCMI_IRQHandler
                0x0800058c                CAN2_RX0_IRQHandler
                0x0800058c                DMA2_Stream3_IRQHandler
                0x0800058c                USART6_IRQHandler
                0x0800058c                CRYP_IRQHandler
                0x0800058c                CAN1_RX1_IRQHandler
                0x0800058c                UART5_IRQHandler
                0x0800058c                DMA2_Stream0_IRQHandler
                0x0800058c                TIM4_IRQHandler
                0x0800058c                I2C1_EV_IRQHandler
                0x0800058c                DMA1_Stream6_IRQHandler
                0x0800058c                DMA1_Stream1_IRQHandler
                0x0800058c                UART4_IRQHandler
                0x0800058c                RCC_IRQHandler
                0x0800058c                TIM8_BRK_TIM12_IRQHandler
                0x0800058c                EXTI15_10_IRQHandler
                0x0800058c                ADC_IRQHandler
                0x0800058c                DMA1_Stream7_IRQHandler
                0x0800058c                TIM7_IRQHandler
                0x0800058c                CAN2_TX_IRQHandler
                0x0800058c                TIM5_IRQHandler
                0x0800058c                DMA2_Stream7_IRQHandler
                0x0800058c                I2C3_EV_IRQHandler
                0x0800058c                EXTI9_5_IRQHandler
                0x0800058c                RTC_WKUP_IRQHandler
                0x0800058c                ETH_WKUP_IRQHandler
                0x0800058c                SPI2_IRQHandler
                0x0800058c                OTG_HS_EP1_IN_IRQHandler
                0x0800058c                MemManage_Handler
                0x0800058c                DMA1_Stream0_IRQHandler
                0x0800058c                CAN1_TX_IRQHandler
                0x0800058c                SVC_Handler
                0x0800058c                EXTI4_IRQHandler
                0x0800058c                FSMC_IRQHandler
                0x0800058c                ETH_IRQHandler
                0x0800058c                OTG_HS_EP1_OUT_IRQHandler
                0x0800058c                WWDG_IRQHandler
                0x0800058c                TIM2_IRQHandler
                0x0800058c                OTG_FS_WKUP_IRQHandler
                0x0800058c                TIM1_TRG_COM_TIM11_IRQHandler
                0x0800058c                OTG_HS_IRQHandler
                0x0800058c                EXTI1_IRQHandler
                0x0800058c                USART2_IRQHandler
                0x0800058c                I2C2_ER_IRQHandler
                0x0800058c                DMA2_Stream1_IRQHandler
                0x0800058c                CAN1_SCE_IRQHandler
                0x0800058c                FLASH_IRQHandler
                0x0800058c                DMA2_Stream4_IRQHandler
                0x0800058c                BusFault_Handler
                0x0800058c                OTG_FS_IRQHandler
                0x0800058c                SPI3_IRQHandler
                0x0800058c                DMA1_Stream4_IRQHandler
                0x0800058c                I2C1_ER_IRQHandler
                0x0800058c                DMA2_Stream6_IRQHandler
                0x0800058c                DMA1_Stream3_IRQHandler
 .text.main     0x08000594     0x1bb8 ..\obj\main.o
                0x08000594                main
 .text.YUME_Initialization
                0x0800214c       0x2c ..\obj\main.o
                0x0800214c                YUME_Initialization
 .text.TIM_Config
                0x08002178       0x54 ..\obj\main.o
                0x08002178                TIM_Config
 .text.Interrupt_Config
                0x080021cc      0x18c ..\obj\main.o
                0x080021cc                Interrupt_Config
 .text.Servo_GPIO_Init
                0x08002358      0x1a0 ..\obj\main.o
                0x08002358                Servo_GPIO_Init
 .text.TIM3_IRQHandler
                0x080024f8      0x4b8 ..\obj\main.o
                0x080024f8                TIM3_IRQHandler
 .text.generate_movement_data
                0x080029b0      0x3e0 ..\obj\main.o
                0x080029b0                generate_movement_data
 .text.inv_kine
                0x08002d90      0x4a0 ..\obj\main.o
                0x08002d90                inv_kine
 .text.servo_lin_func
                0x08003230       0x7c ..\obj\main.o
                0x08003230                servo_lin_func
 .text.mov_static
                0x080032ac      0x110 ..\obj\main.o
                0x080032ac                mov_static
 .text.mov_search_fire
                0x080033bc     0x1710 ..\obj\main.o
                0x080033bc                mov_search_fire
 .text.mov_fwd_5cm
                0x08004acc      0x888 ..\obj\main.o
                0x08004acc                mov_fwd_5cm
 .text.mov_bwd  0x08005354      0x970 ..\obj\main.o
                0x08005354                mov_bwd
 .text.mov_rot_right
                0x08005cc4      0xbb8 ..\obj\main.o
                0x08005cc4                mov_rot_right
 .text.mov_rot_left
                0x0800687c      0xbb8 ..\obj\main.o
                0x0800687c                mov_rot_left
 .text.mov_curve_right
                0x08007434      0x8e8 ..\obj\main.o
                0x08007434                mov_curve_right
 .text.mov_curve_left
                0x08007d1c      0x938 ..\obj\main.o
                0x08007d1c                mov_curve_left
 .text.mov_askew_right_transition
                0x08008654      0x5dc ..\obj\main.o
                0x08008654                mov_askew_right_transition
 .text.mov_askew_right
                0x08008c30      0x84c ..\obj\main.o
                0x08008c30                mov_askew_right
 .text.mov_askew_left_transition
                0x0800947c      0x6c8 ..\obj\main.o
                0x0800947c                mov_askew_left_transition
 .text.mov_askew_left
                0x08009b44      0x84c ..\obj\main.o
                0x08009b44                mov_askew_left
 .text.mov_celebrate
                0x0800a390      0xa9c ..\obj\main.o
                0x0800a390                mov_celebrate
 .text.mov_deflect_right
                0x0800ae2c      0x788 ..\obj\main.o
                0x0800ae2c                mov_deflect_right
 .text.mov_deflect_left
                0x0800b5b4      0x788 ..\obj\main.o
                0x0800b5b4                mov_deflect_left
 .text.USART3_Init
                0x0800bd3c      0x178 ..\obj\main.o
                0x0800bd3c                USART3_Init
 .text.Sendto_MainController
                0x0800beb4       0x48 ..\obj\main.o
                0x0800beb4                Sendto_MainController
 .text.USART3_IRQHandler
                0x0800befc      0x11c ..\obj\main.o
                0x0800befc                USART3_IRQHandler
 .text.USART1_Init
                0x0800c018      0x178 ..\obj\main.o
                0x0800c018                USART1_Init
 .text.USART1_IRQHandler
                0x0800c190       0x90 ..\obj\main.o
                0x0800c190                USART1_IRQHandler
 .text.RCC_GetClocksFreq
                0x0800c220      0x1d0 ..\obj\stm32f4xx_rcc.o
                0x0800c220                RCC_GetClocksFreq
 .text.RCC_AHB1PeriphClockCmd
                0x0800c3f0       0x58 ..\obj\stm32f4xx_rcc.o
                0x0800c3f0                RCC_AHB1PeriphClockCmd
 .text.RCC_APB1PeriphClockCmd
                0x0800c448       0x58 ..\obj\stm32f4xx_rcc.o
                0x0800c448                RCC_APB1PeriphClockCmd
 .text.RCC_APB2PeriphClockCmd
                0x0800c4a0       0x58 ..\obj\stm32f4xx_rcc.o
                0x0800c4a0                RCC_APB2PeriphClockCmd
 .text.NVIC_SetPriority
                0x0800c4f8       0x5c ..\obj\yume_systick_delay.o
 .text.SysTick_Config
                0x0800c554       0x64 ..\obj\yume_systick_delay.o
 .text.SysTick_Init
                0x0800c5b8       0x30 ..\obj\yume_systick_delay.o
                0x0800c5b8                SysTick_Init
 .text.SysTick_Handler
                0x0800c5e8        0xc ..\obj\yume_systick_delay.o
                0x0800c5e8                SysTick_Handler
 .text.TimeTick_Decrement
                0x0800c5f4       0x30 ..\obj\yume_systick_delay.o
                0x0800c5f4                TimeTick_Decrement
 .text.delay_1ms
                0x0800c624       0x28 ..\obj\yume_systick_delay.o
                0x0800c624                delay_1ms
 .text.delay_ms
                0x0800c64c       0x30 ..\obj\yume_systick_delay.o
                0x0800c64c                delay_ms
 .text.GPIO_Init
                0x0800c67c      0x154 ..\obj\stm32f4xx_gpio.o
                0x0800c67c                GPIO_Init
 .text.GPIO_SetBits
                0x0800c7d0       0x1c ..\obj\stm32f4xx_gpio.o
                0x0800c7d0                GPIO_SetBits
 .text.GPIO_ResetBits
                0x0800c7ec       0x1c ..\obj\stm32f4xx_gpio.o
                0x0800c7ec                GPIO_ResetBits
 .text.GPIO_PinAFConfig
                0x0800c808       0xac ..\obj\stm32f4xx_gpio.o
                0x0800c808                GPIO_PinAFConfig
 .text.SystemInit
                0x0800c8b4       0xb0 ..\obj\system_stm32f4xx.o
                0x0800c8b4                SystemInit
 .text.SetSysClock
                0x0800c964      0x188 ..\obj\system_stm32f4xx.o
 .text.NVIC_Init
                0x0800caec       0xe4 ..\obj\misc.o
                0x0800caec                NVIC_Init
 .text.TIM_TimeBaseInit
                0x0800cbd0       0xf4 ..\obj\stm32f4xx_tim.o
                0x0800cbd0                TIM_TimeBaseInit
 .text.TIM_Cmd  0x0800ccc4       0x40 ..\obj\stm32f4xx_tim.o
                0x0800ccc4                TIM_Cmd
 .text.TIM_OC1Init
                0x0800cd04       0xfc ..\obj\stm32f4xx_tim.o
                0x0800cd04                TIM_OC1Init
 .text.TIM_OC2Init
                0x0800ce00      0x128 ..\obj\stm32f4xx_tim.o
                0x0800ce00                TIM_OC2Init
 .text.TIM_OC3Init
                0x0800cf28      0x120 ..\obj\stm32f4xx_tim.o
                0x0800cf28                TIM_OC3Init
 .text.TIM_OC1PreloadConfig
                0x0800d048       0x38 ..\obj\stm32f4xx_tim.o
                0x0800d048                TIM_OC1PreloadConfig
 .text.TIM_OC2PreloadConfig
                0x0800d080       0x40 ..\obj\stm32f4xx_tim.o
                0x0800d080                TIM_OC2PreloadConfig
 .text.TIM_OC3PreloadConfig
                0x0800d0c0       0x38 ..\obj\stm32f4xx_tim.o
                0x0800d0c0                TIM_OC3PreloadConfig
 .text.TIM_ITConfig
                0x0800d0f8       0x48 ..\obj\stm32f4xx_tim.o
                0x0800d0f8                TIM_ITConfig
 .text.TIM_GetITStatus
                0x0800d140       0x60 ..\obj\stm32f4xx_tim.o
                0x0800d140                TIM_GetITStatus
 .text.TIM_ClearITPendingBit
                0x0800d1a0       0x24 ..\obj\stm32f4xx_tim.o
                0x0800d1a0                TIM_ClearITPendingBit
 *fill*         0x0800d1c4        0x4 00
 .text.atan     0x0800d1c8      0x388 C:\Softwares\CooCox\GNU Tools ARM Embedded\4.6 2012q2\arm-none-eabi\lib\armv7e-m\fpu\libm.a(lib_a-s_atan.o)
                0x0800d1c8                atan
 .text.cos      0x0800d550       0xb0 C:\Softwares\CooCox\GNU Tools ARM Embedded\4.6 2012q2\arm-none-eabi\lib\armv7e-m\fpu\libm.a(lib_a-s_cos.o)
                0x0800d550                cos
 .text.fabs     0x0800d600       0x14 C:\Softwares\CooCox\GNU Tools ARM Embedded\4.6 2012q2\arm-none-eabi\lib\armv7e-m\fpu\libm.a(lib_a-s_fabs.o)
                0x0800d600                fabs
 *fill*         0x0800d614        0x4 00
 .text.sin      0x0800d618       0xb8 C:\Softwares\CooCox\GNU Tools ARM Embedded\4.6 2012q2\arm-none-eabi\lib\armv7e-m\fpu\libm.a(lib_a-s_sin.o)
                0x0800d618                sin
 .text.acos     0x0800d6d0       0xc0 C:\Softwares\CooCox\GNU Tools ARM Embedded\4.6 2012q2\arm-none-eabi\lib\armv7e-m\fpu\libm.a(lib_a-w_acos.o)
                0x0800d6d0                acos
 .text.__ieee754_acos
                0x0800d790      0x508 C:\Softwares\CooCox\GNU Tools ARM Embedded\4.6 2012q2\arm-none-eabi\lib\armv7e-m\fpu\libm.a(lib_a-e_acos.o)
                0x0800d790                __ieee754_acos
 .text.__ieee754_rem_pio2
                0x0800dc98      0x478 C:\Softwares\CooCox\GNU Tools ARM Embedded\4.6 2012q2\arm-none-eabi\lib\armv7e-m\fpu\libm.a(lib_a-e_rem_pio2.o)
                0x0800dc98                __ieee754_rem_pio2
 .text.__ieee754_sqrt
                0x0800e110      0x1c4 C:\Softwares\CooCox\GNU Tools ARM Embedded\4.6 2012q2\arm-none-eabi\lib\armv7e-m\fpu\libm.a(lib_a-e_sqrt.o)
                0x0800e110                __ieee754_sqrt
 *fill*         0x0800e2d4        0x4 00
 .text.__kernel_cos
                0x0800e2d8      0x270 C:\Softwares\CooCox\GNU Tools ARM Embedded\4.6 2012q2\arm-none-eabi\lib\armv7e-m\fpu\libm.a(lib_a-k_cos.o)
                0x0800e2d8                __kernel_cos
 .text.__kernel_rem_pio2
                0x0800e548      0x808 C:\Softwares\CooCox\GNU Tools ARM Embedded\4.6 2012q2\arm-none-eabi\lib\armv7e-m\fpu\libm.a(lib_a-k_rem_pio2.o)
                0x0800e548                __kernel_rem_pio2
 .text.__kernel_sin
                0x0800ed50      0x178 C:\Softwares\CooCox\GNU Tools ARM Embedded\4.6 2012q2\arm-none-eabi\lib\armv7e-m\fpu\libm.a(lib_a-k_sin.o)
                0x0800ed50                __kernel_sin
 .text.floor    0x0800eec8      0x150 C:\Softwares\CooCox\GNU Tools ARM Embedded\4.6 2012q2\arm-none-eabi\lib\armv7e-m\fpu\libm.a(lib_a-s_floor.o)
                0x0800eec8                floor
 .text.__fpclassifyd
                0x0800f018       0x70 C:\Softwares\CooCox\GNU Tools ARM Embedded\4.6 2012q2\arm-none-eabi\lib\armv7e-m\fpu\libm.a(lib_a-s_fpclassify.o)
                0x0800f018                __fpclassifyd
 .text.matherr  0x0800f088        0x4 C:\Softwares\CooCox\GNU Tools ARM Embedded\4.6 2012q2\arm-none-eabi\lib\armv7e-m\fpu\libm.a(lib_a-s_matherr.o)
                0x0800f088                matherr
 *fill*         0x0800f08c        0x4 00
 .text.nan      0x0800f090       0x10 C:\Softwares\CooCox\GNU Tools ARM Embedded\4.6 2012q2\arm-none-eabi\lib\armv7e-m\fpu\libm.a(lib_a-s_nan.o)
                0x0800f090                nan
 .text.scalbn   0x0800f0a0      0x120 C:\Softwares\CooCox\GNU Tools ARM Embedded\4.6 2012q2\arm-none-eabi\lib\armv7e-m\fpu\libm.a(lib_a-s_scalbn.o)
                0x0800f0a0                scalbn
 .text.copysign
                0x0800f1c0       0x24 C:\Softwares\CooCox\GNU Tools ARM Embedded\4.6 2012q2\arm-none-eabi\lib\armv7e-m\fpu\libm.a(lib_a-s_copysign.o)
                0x0800f1c0                copysign
 .text          0x0800f1e4      0x370 c:/softwares/coocox/gnu tools arm embedded/4.6 2012q2/bin/../lib/gcc/arm-none-eabi/4.6.2/armv7e-m/fpu\libgcc.a(_arm_addsubdf3.o)
                0x0800f1e4                __aeabi_drsub
                0x0800f1ec                __aeabi_dsub
                0x0800f1ec                __subdf3
                0x0800f1f0                __aeabi_dadd
                0x0800f1f0                __adddf3
                0x0800f468                __floatunsidf
                0x0800f468                __aeabi_ui2d
                0x0800f488                __floatsidf
                0x0800f488                __aeabi_i2d
                0x0800f4ac                __aeabi_f2d
                0x0800f4ac                __extendsfdf2
                0x0800f4e8                __floatundidf
                0x0800f4e8                __aeabi_ul2d
                0x0800f4f8                __floatdidf
                0x0800f4f8                __aeabi_l2d
 .text          0x0800f554      0x424 c:/softwares/coocox/gnu tools arm embedded/4.6 2012q2/bin/../lib/gcc/arm-none-eabi/4.6.2/armv7e-m/fpu\libgcc.a(_arm_muldivdf3.o)
                0x0800f554                __aeabi_dmul
                0x0800f554                __muldf3
                0x0800f7a8                __divdf3
                0x0800f7a8                __aeabi_ddiv
 .text          0x0800f978      0x110 c:/softwares/coocox/gnu tools arm embedded/4.6 2012q2/bin/../lib/gcc/arm-none-eabi/4.6.2/armv7e-m/fpu\libgcc.a(_arm_cmpdf2.o)
                0x0800f978                __gtdf2
                0x0800f978                __gedf2
                0x0800f980                __ltdf2
                0x0800f980                __ledf2
                0x0800f988                __nedf2
                0x0800f988                __eqdf2
                0x0800f988                __cmpdf2
                0x0800fa04                __aeabi_cdrcmple
                0x0800fa14                __aeabi_cdcmpeq
                0x0800fa14                __aeabi_cdcmple
                0x0800fa24                __aeabi_dcmpeq
                0x0800fa38                __aeabi_dcmplt
                0x0800fa4c                __aeabi_dcmple
                0x0800fa60                __aeabi_dcmpge
                0x0800fa74                __aeabi_dcmpgt
 .text          0x0800fa88       0x50 c:/softwares/coocox/gnu tools arm embedded/4.6 2012q2/bin/../lib/gcc/arm-none-eabi/4.6.2/armv7e-m/fpu\libgcc.a(_arm_fixdfsi.o)
                0x0800fa88                __aeabi_d2iz
                0x0800fa88                __fixdfsi
 .text          0x0800fad8       0xa0 c:/softwares/coocox/gnu tools arm embedded/4.6 2012q2/bin/../lib/gcc/arm-none-eabi/4.6.2/armv7e-m/fpu\libgcc.a(_arm_truncdfsf2.o)
                0x0800fad8                __truncdfsf2
                0x0800fad8                __aeabi_d2f
 .text.__errno  0x0800fb78        0xc C:\Softwares\CooCox\GNU Tools ARM Embedded\4.6 2012q2\arm-none-eabi\lib\armv7e-m\fpu\libc.a(lib_a-errno.o)
                0x0800fb78                __errno
 *(.init)
 *(.fini)
 *crtbegin.o(.ctors)
 *crtbegin?.o(.ctors)
 *(EXCLUDE_FILE(*crtend.o *crtend?.o) .ctors)
 *(SORT(.ctors.*))
 *(.ctors)
 *crtbegin.o(.dtors)
 *crtbegin?.o(.dtors)
 *(EXCLUDE_FILE(*crtend.o *crtend?.o) .dtors)
 *(SORT(.dtors.*))
 *(.dtors)
 *(.rodata*)
 .rodata        0x0800fb84      0x210 ..\obj\main.o
                0x0800fb84                STATIC_LOW_CLEARANCE
                0x0800fb88                STATIC_MED_CLEARANCE
                0x0800fb8c                STATIC_HIGH_CLEARANCE
                0x0800fb90                SEARCH_FIRE
                0x0800fb94                FORWARD
                0x0800fb98                BACKWARD
                0x0800fb9c                ROTATE_RIGHT
                0x0800fba0                ROTATE_LEFT
                0x0800fba4                CURVE_RIGHT
                0x0800fba8                CURVE_LEFT
                0x0800fbac                ASKEW_RIGHT
                0x0800fbb0                ASKEW_LEFT
                0x0800fbb4                FWD_RIPPLE
                0x0800fbb8                FWD_WAVE
                0x0800fbbc                A_const
                0x0800fc04                B_const
                0x0800fc4c                correct
                0x0800fc94                leg_1
                0x0800fcac                leg_norm
                0x0800fcc4                alpha
 *fill*         0x0800fd94        0x4 00
 .rodata.atanlo
                0x0800fd98       0x20 C:\Softwares\CooCox\GNU Tools ARM Embedded\4.6 2012q2\arm-none-eabi\lib\armv7e-m\fpu\libm.a(lib_a-s_atan.o)
 .rodata.atanhi
                0x0800fdb8       0x20 C:\Softwares\CooCox\GNU Tools ARM Embedded\4.6 2012q2\arm-none-eabi\lib\armv7e-m\fpu\libm.a(lib_a-s_atan.o)
 .rodata.str1.4
                0x0800fdd8        0x5 C:\Softwares\CooCox\GNU Tools ARM Embedded\4.6 2012q2\arm-none-eabi\lib\armv7e-m\fpu\libm.a(lib_a-w_acos.o)
                                  0xc (size before relaxing)
 *fill*         0x0800fddd        0x3 00
 .rodata.npio2_hw
                0x0800fde0       0x80 C:\Softwares\CooCox\GNU Tools ARM Embedded\4.6 2012q2\arm-none-eabi\lib\armv7e-m\fpu\libm.a(lib_a-e_rem_pio2.o)
 .rodata.two_over_pi
                0x0800fe60      0x108 C:\Softwares\CooCox\GNU Tools ARM Embedded\4.6 2012q2\arm-none-eabi\lib\armv7e-m\fpu\libm.a(lib_a-e_rem_pio2.o)
 .rodata.init_jk
                0x0800ff68       0x10 C:\Softwares\CooCox\GNU Tools ARM Embedded\4.6 2012q2\arm-none-eabi\lib\armv7e-m\fpu\libm.a(lib_a-k_rem_pio2.o)
 .rodata.PIo2   0x0800ff78       0x40 C:\Softwares\CooCox\GNU Tools ARM Embedded\4.6 2012q2\arm-none-eabi\lib\armv7e-m\fpu\libm.a(lib_a-k_rem_pio2.o)
 .rodata.str1.4
                0x0800ffb8        0x4 C:\Softwares\CooCox\GNU Tools ARM Embedded\4.6 2012q2\arm-none-eabi\lib\armv7e-m\fpu\libc.a(lib_a-impure.o)
 *(.eh_fram e*)

.glue_7         0x0800ffbc        0x0
 .glue_7        0x00000000        0x0 linker stubs

.glue_7t        0x0800ffbc        0x0
 .glue_7t       0x00000000        0x0 linker stubs

.vfp11_veneer   0x0800ffbc        0x0
 .vfp11_veneer  0x00000000        0x0 linker stubs

.v4_bx          0x0800ffbc        0x0
 .v4_bx         0x00000000        0x0 linker stubs

.ARM.extab
 *(.ARM.extab* .gnu.linkonce.armextab.*)
                0x0800ffbc                __exidx_start = .

.ARM.exidx
 *(.ARM.exidx* .gnu.linkonce.armexidx.*)
                0x0800ffbc                __exidx_end = .
                0x0800ffbc                __etext = .
                0x0800ffbc                _sidata = __etext

.data           0x20000000      0x4b4 load address 0x0800ffbc
                0x20000000                __data_start__ = .
                0x20000000                _sdata = __data_start__
 *(vtable)
 *(.data*)
 .data          0x20000000       0x60 ..\obj\main.o
                0x20000000                sudut
                0x20000048                COMMAND_FLAG_A
                0x2000004c                COMMAND_FLAG_B
                0x20000050                COMMAND_COMPLETED
                0x20000054                COMMAND_NOT_RECEIVED
 .data          0x20000060       0x10 ..\obj\stm32f4xx_rcc.o
 .data          0x20000070       0x14 ..\obj\system_stm32f4xx.o
                0x20000070                SystemCoreClock
                0x20000074                AHBPrescTable
 .data.__fdlib_version
                0x20000084        0x1 C:\Softwares\CooCox\GNU Tools ARM Embedded\4.6 2012q2\arm-none-eabi\lib\armv7e-m\fpu\libm.a(lib_a-s_lib_ver.o)
                0x20000084                __fdlib_version
 *fill*         0x20000085        0x3 00
 .data.impure_data
                0x20000088      0x428 C:\Softwares\CooCox\GNU Tools ARM Embedded\4.6 2012q2\arm-none-eabi\lib\armv7e-m\fpu\libc.a(lib_a-impure.o)
 .data._impure_ptr
                0x200004b0        0x4 C:\Softwares\CooCox\GNU Tools ARM Embedded\4.6 2012q2\arm-none-eabi\lib\armv7e-m\fpu\libc.a(lib_a-impure.o)
                0x200004b0                _impure_ptr
                0x200004b4                . = ALIGN (0x4)
                0x200004b4                PROVIDE (__preinit_array_start, .)
 *(.preinit_array)
                0x200004b4                PROVIDE (__preinit_array_end, .)
                0x200004b4                . = ALIGN (0x4)
                0x200004b4                PROVIDE (__init_array_start, .)
 *(SORT(.init_array.*))
 *(.init_array)
                0x200004b4                PROVIDE (__init_array_end, .)
                0x200004b4                . = ALIGN (0x4)
                0x200004b4                PROVIDE (__fini_array_start, .)
 *(SORT(.fini_array.*))
 *(.fini_array)
                0x200004b4                PROVIDE (__fini_array_end, .)
 *(.jcr*)
                0x200004b4                . = ALIGN (0x4)
                0x200004b4                __data_end__ = .
                0x200004b4                _edata = __data_end__

.bss            0x200004b4     0x2ac4 load address 0x08010470
                0x200004b4                . = ALIGN (0x4)
                0x200004b4                __bss_start__ = .
                0x200004b4                _sbss = __bss_start__
 *(.bss*)
 .bss           0x200004b4       0x14 ..\obj\main.o
                0x200004b4                x
                0x200004b8                usart_count
                0x200004bc                angka
                0x200004c0                sudut_servo
 .bss           0x200004c8        0x4 ..\obj\yume_systick_delay.o
 *(COMMON)
 COMMON         0x200004cc        0x8 ..\obj\yume_lcd.o
                0x200004cc                GPIO_InitStructure
 COMMON         0x200004d4       0x34 ..\obj\yume_usart_comm.o
                0x200004d4                TIM_TimeBaseStructure
                0x200004e0                TIM_OCInitStructure
                0x200004f4                USART_InitStructure
                0x20000504                NVIC_InitStructure
 COMMON         0x20000508     0x2a70 ..\obj\main.o
                0x20000508                terima
                0x2000052c                leg
                0x20000530                b
                0x20000534                DATA
                0x20000538                c4
                0x2000053c                c2
                0x20000540                data1_lcd
                0x20000550                CCR1_Val
                0x20000554                phi
                0x2000056c                sudut_awal
                0x200005b4                nCount
                0x200005b8                index_servo
                0x200005bc                A_body
                0x200005c0                sudut_tahap1
                0x20000608                Lsem
                0x2000060c                z_A
                0x20000654                i
                0x20000658                tampil_adc
                0x20000668                epsilon
                0x20000680                Count
                0x20000684                c1
                0x20000688                c
                0x20000689                v
                0x2000068c                leg_next
                0x200006a4                data_get
                0x200006a8                sudut_target
                0x200006f0                A_leg
                0x20000708                pembagi
                0x2000070c                data2_lcd
                0x2000071c                y
                0x20000720                command_code
                0x20000723                d
                0x20000724                PrescalerValue
                0x20000728                temp_var
                0x2000072c                sudut_tahap2
                0x20000774                P_body
                0x20000778                beta
                0x20000790                buf
                0x200007a0                y_A
                0x200007e8                c3
                0x200007ec                CCR2_Val
                0x200007f0                epsilon_body
                0x200007f4                a
                0x200007f8                P_leg
                0x20000810                lambpsi
                0x20000828                CCR3_Val
                0x2000082c                USART_send
                0x2000083c                ww
                0x20000854                temp_angle
                0x20000860                index_bantu
                0x20000864                temp_var2
                0x20000868                received_string
                0x20002f78                . = ALIGN (0x4)
                0x20002f78                __bss_end__ = .
                0x20002f78                _ebss = __bss_end__

.heap           0x20002f78        0x0
                0x20002f78                __end__ = .
                0x20002f78                _end = __end__
                0x20002f78                end = __end__
 *(.heap*)
                0x20002f78                __HeapLimit = .

.co_stack       0x20002f78      0x800 load address 0x08012f34
                0x20002f78                . = ALIGN (0x8)
 *(.co_stack .co_stack.*)
 .co_stack      0x20002f78      0x800 ..\obj\startup_stm32f4xx.o
                0x20002f78                pulStack
                0x20020000                __StackTop = (ORIGIN (ram) + 0x20000)
                0x2001f800                __StackLimit = (__StackTop - SIZEOF (.co_stack))
                0x20020000                PROVIDE (__stack, __StackTop)
                0x00000001                ASSERT ((__StackLimit >= __HeapLimit), region ram  overflowed with stack)
LOAD ..\obj\yume_lcd.o
LOAD ..\obj\stm32f4xx_usart.o
LOAD ..\obj\yume_usart_comm.o
LOAD ..\obj\startup_stm32f4xx.o
LOAD ..\obj\main.o
LOAD ..\obj\stm32f4xx_rcc.o
LOAD ..\obj\yume_systick_delay.o
LOAD ..\obj\stm32f4xx_gpio.o
LOAD ..\obj\system_stm32f4xx.o
LOAD ..\obj\syscalls.o
LOAD ..\obj\stm32f4xx_spi.o
LOAD ..\obj\misc.o
LOAD ..\obj\stm32f4xx_tim.o
LOAD C:\Softwares\CooCox\GNU Tools ARM Embedded\4.6 2012q2\arm-none-eabi\lib\armv7e-m\fpu\libm.a
LOAD c:/softwares/coocox/gnu tools arm embedded/4.6 2012q2/bin/../lib/gcc/arm-none-eabi/4.6.2/armv7e-m/fpu\libgcc.a
LOAD C:\Softwares\CooCox\GNU Tools ARM Embedded\4.6 2012q2\arm-none-eabi\lib\armv7e-m\fpu\libc.a
START GROUP
LOAD c:/softwares/coocox/gnu tools arm embedded/4.6 2012q2/bin/../lib/gcc/arm-none-eabi/4.6.2/armv7e-m/fpu\libgcc.a
LOAD C:\Softwares\CooCox\GNU Tools ARM Embedded\4.6 2012q2\arm-none-eabi\lib\armv7e-m\fpu\libg.a
LOAD C:\Softwares\CooCox\GNU Tools ARM Embedded\4.6 2012q2\arm-none-eabi\lib\armv7e-m\fpu\libc.a
END GROUP
OUTPUT(YUME_HEXAPOD_GAIT_GENERATOR Ver. 2.0.elf elf32-littlearm)

.debug_info     0x00000000     0x8753
 .debug_info    0x00000000      0x692 ..\obj\yume_lcd.o
 .debug_info    0x00000692      0xa4f ..\obj\stm32f4xx_usart.o
 .debug_info    0x000010e1      0x3db ..\obj\yume_usart_comm.o
 .debug_info    0x000014bc      0x147 ..\obj\startup_stm32f4xx.o
 .debug_info    0x00001603     0x1c7a ..\obj\main.o
 .debug_info    0x0000327d      0xd24 ..\obj\stm32f4xx_rcc.o
 .debug_info    0x00003fa1      0x794 ..\obj\yume_systick_delay.o
 .debug_info    0x00004735      0x639 ..\obj\stm32f4xx_gpio.o
 .debug_info    0x00004d6e      0x61d ..\obj\system_stm32f4xx.o
 .debug_info    0x0000538b      0x440 ..\obj\syscalls.o
 .debug_info    0x000057cb      0xbcc ..\obj\stm32f4xx_spi.o
 .debug_info    0x00006397      0x594 ..\obj\misc.o
 .debug_info    0x0000692b     0x1e28 ..\obj\stm32f4xx_tim.o

.debug_abbrev   0x00000000     0x1104
 .debug_abbrev  0x00000000      0x19b ..\obj\yume_lcd.o
 .debug_abbrev  0x0000019b      0x14e ..\obj\stm32f4xx_usart.o
 .debug_abbrev  0x000002e9       0xac ..\obj\yume_usart_comm.o
 .debug_abbrev  0x00000395       0xac ..\obj\startup_stm32f4xx.o
 .debug_abbrev  0x00000441      0x212 ..\obj\main.o
 .debug_abbrev  0x00000653      0x1b7 ..\obj\stm32f4xx_rcc.o
 .debug_abbrev  0x0000080a      0x171 ..\obj\yume_systick_delay.o
 .debug_abbrev  0x0000097b      0x182 ..\obj\stm32f4xx_gpio.o
 .debug_abbrev  0x00000afd      0x140 ..\obj\system_stm32f4xx.o
 .debug_abbrev  0x00000c3d       0xde ..\obj\syscalls.o
 .debug_abbrev  0x00000d1b      0x160 ..\obj\stm32f4xx_spi.o
 .debug_abbrev  0x00000e7b      0x126 ..\obj\misc.o
 .debug_abbrev  0x00000fa1      0x163 ..\obj\stm32f4xx_tim.o

.debug_loc      0x00000000     0x40b6
 .debug_loc     0x00000000      0x58c ..\obj\yume_lcd.o
 .debug_loc     0x0000058c      0x658 ..\obj\stm32f4xx_usart.o
 .debug_loc     0x00000be4       0x64 ..\obj\startup_stm32f4xx.o
 .debug_loc     0x00000c48      0x91a ..\obj\main.o
 .debug_loc     0x00001562      0x97c ..\obj\stm32f4xx_rcc.o
 .debug_loc     0x00001ede      0x190 ..\obj\yume_systick_delay.o
 .debug_loc     0x0000206e      0x310 ..\obj\stm32f4xx_gpio.o
 .debug_loc     0x0000237e       0x9c ..\obj\system_stm32f4xx.o
 .debug_loc     0x0000241a      0x1ec ..\obj\syscalls.o
 .debug_loc     0x00002606      0x578 ..\obj\stm32f4xx_spi.o
 .debug_loc     0x00002b7e      0x118 ..\obj\misc.o
 .debug_loc     0x00002c96     0x1420 ..\obj\stm32f4xx_tim.o

.debug_aranges  0x00000000      0xaa8
 .debug_aranges
                0x00000000      0x100 ..\obj\yume_lcd.o
 .debug_aranges
                0x00000100      0x100 ..\obj\stm32f4xx_usart.o
 .debug_aranges
                0x00000200       0x28 ..\obj\startup_stm32f4xx.o
 .debug_aranges
                0x00000228      0x180 ..\obj\main.o
 .debug_aranges
                0x000003a8      0x178 ..\obj\stm32f4xx_rcc.o
 .debug_aranges
                0x00000520       0x58 ..\obj\yume_systick_delay.o
 .debug_aranges
                0x00000578       0x88 ..\obj\stm32f4xx_gpio.o
 .debug_aranges
                0x00000600       0x30 ..\obj\system_stm32f4xx.o
 .debug_aranges
                0x00000630       0x60 ..\obj\syscalls.o
 .debug_aranges
                0x00000690       0xe0 ..\obj\stm32f4xx_spi.o
 .debug_aranges
                0x00000770       0x40 ..\obj\misc.o
 .debug_aranges
                0x000007b0      0x2f8 ..\obj\stm32f4xx_tim.o

.debug_ranges   0x00000000      0x9e8
 .debug_ranges  0x00000000       0xf0 ..\obj\yume_lcd.o
 .debug_ranges  0x000000f0       0xf0 ..\obj\stm32f4xx_usart.o
 .debug_ranges  0x000001e0       0x18 ..\obj\startup_stm32f4xx.o
 .debug_ranges  0x000001f8      0x170 ..\obj\main.o
 .debug_ranges  0x00000368      0x168 ..\obj\stm32f4xx_rcc.o
 .debug_ranges  0x000004d0       0x48 ..\obj\yume_systick_delay.o
 .debug_ranges  0x00000518       0x78 ..\obj\stm32f4xx_gpio.o
 .debug_ranges  0x00000590       0x20 ..\obj\system_stm32f4xx.o
 .debug_ranges  0x000005b0       0x50 ..\obj\syscalls.o
 .debug_ranges  0x00000600       0xd0 ..\obj\stm32f4xx_spi.o
 .debug_ranges  0x000006d0       0x30 ..\obj\misc.o
 .debug_ranges  0x00000700      0x2e8 ..\obj\stm32f4xx_tim.o

.debug_line     0x00000000     0x51bd
 .debug_line    0x00000000      0x693 ..\obj\yume_lcd.o
 .debug_line    0x00000693      0x624 ..\obj\stm32f4xx_usart.o
 .debug_line    0x00000cb7      0x389 ..\obj\yume_usart_comm.o
 .debug_line    0x00001040      0x10a ..\obj\startup_stm32f4xx.o
 .debug_line    0x0000114a     0x1691 ..\obj\main.o
 .debug_line    0x000027db      0x70c ..\obj\stm32f4xx_rcc.o
 .debug_line    0x00002ee7      0x37d ..\obj\yume_systick_delay.o
 .debug_line    0x00003264      0x4af ..\obj\stm32f4xx_gpio.o
 .debug_line    0x00003713      0x33c ..\obj\system_stm32f4xx.o
 .debug_line    0x00003a4f      0x20c ..\obj\syscalls.o
 .debug_line    0x00003c5b      0x5c4 ..\obj\stm32f4xx_spi.o
 .debug_line    0x0000421f      0x3b5 ..\obj\misc.o
 .debug_line    0x000045d4      0xbe9 ..\obj\stm32f4xx_tim.o

.debug_str      0x00000000     0x3773
 .debug_str     0x00000000      0x488 ..\obj\yume_lcd.o
                                0x4d9 (size before relaxing)
 .debug_str     0x00000488      0x561 ..\obj\stm32f4xx_usart.o
                                0x691 (size before relaxing)
 .debug_str     0x000009e9      0x32f ..\obj\yume_usart_comm.o
                                0x628 (size before relaxing)
 .debug_str     0x00000d18      0x118 ..\obj\startup_stm32f4xx.o
                                0x180 (size before relaxing)
 .debug_str     0x00000e30      0xc36 ..\obj\main.o
                               0x12a3 (size before relaxing)
 .debug_str     0x00001a66      0x64b ..\obj\stm32f4xx_rcc.o
                                0x852 (size before relaxing)
 .debug_str     0x000020b1      0x1eb ..\obj\yume_systick_delay.o
                                0x81b (size before relaxing)
 .debug_str     0x0000229c      0x201 ..\obj\stm32f4xx_gpio.o
                                0x4a5 (size before relaxing)
 .debug_str     0x0000249d      0x11c ..\obj\system_stm32f4xx.o
                                0x3ac (size before relaxing)
 .debug_str     0x000025b9      0x1cb ..\obj\syscalls.o
                                0x383 (size before relaxing)
 .debug_str     0x00002784      0x40e ..\obj\stm32f4xx_spi.o
                                0x68c (size before relaxing)
 .debug_str     0x00002b92      0x17b ..\obj\misc.o
                                0x3db (size before relaxing)
 .debug_str     0x00002d0d      0xa66 ..\obj\stm32f4xx_tim.o
                                0xdd2 (size before relaxing)

.comment        0x00000000       0x70
 .comment       0x00000000       0x70 ..\obj\yume_lcd.o
                                 0x71 (size before relaxing)
 .comment       0x00000000       0x71 ..\obj\stm32f4xx_usart.o
 .comment       0x00000000       0x71 ..\obj\yume_usart_comm.o
 .comment       0x00000000       0x71 ..\obj\startup_stm32f4xx.o
 .comment       0x00000000       0x71 ..\obj\main.o
 .comment       0x00000000       0x71 ..\obj\stm32f4xx_rcc.o
 .comment       0x00000000       0x71 ..\obj\yume_systick_delay.o
 .comment       0x00000000       0x71 ..\obj\stm32f4xx_gpio.o
 .comment       0x00000000       0x71 ..\obj\system_stm32f4xx.o
 .comment       0x00000000       0x71 ..\obj\syscalls.o
 .comment       0x00000000       0x71 ..\obj\stm32f4xx_spi.o
 .comment       0x00000000       0x71 ..\obj\misc.o
 .comment       0x00000000       0x71 ..\obj\stm32f4xx_tim.o

.ARM.attributes
                0x00000000       0x3b
 .ARM.attributes
                0x00000000       0x3b ..\obj\yume_lcd.o
 .ARM.attributes
                0x0000003b       0x3b ..\obj\stm32f4xx_usart.o
 .ARM.attributes
                0x00000076       0x3b ..\obj\yume_usart_comm.o
 .ARM.attributes
                0x000000b1       0x3b ..\obj\startup_stm32f4xx.o
 .ARM.attributes
                0x000000ec       0x3b ..\obj\main.o
 .ARM.attributes
                0x00000127       0x3b ..\obj\stm32f4xx_rcc.o
 .ARM.attributes
                0x00000162       0x3b ..\obj\yume_systick_delay.o
 .ARM.attributes
                0x0000019d       0x3b ..\obj\stm32f4xx_gpio.o
 .ARM.attributes
                0x000001d8       0x3b ..\obj\system_stm32f4xx.o
 .ARM.attributes
                0x00000213       0x3b ..\obj\syscalls.o
 .ARM.attributes
                0x0000024e       0x3b ..\obj\stm32f4xx_spi.o
 .ARM.attributes
                0x00000289       0x3b ..\obj\misc.o
 .ARM.attributes
                0x000002c4       0x3b ..\obj\stm32f4xx_tim.o
 .ARM.attributes
                0x000002ff       0x36 C:\Softwares\CooCox\GNU Tools ARM Embedded\4.6 2012q2\arm-none-eabi\lib\armv7e-m\fpu\libm.a(lib_a-s_atan.o)
 .ARM.attributes
                0x00000335       0x36 C:\Softwares\CooCox\GNU Tools ARM Embedded\4.6 2012q2\arm-none-eabi\lib\armv7e-m\fpu\libm.a(lib_a-s_cos.o)
 .ARM.attributes
                0x0000036b       0x36 C:\Softwares\CooCox\GNU Tools ARM Embedded\4.6 2012q2\arm-none-eabi\lib\armv7e-m\fpu\libm.a(lib_a-s_fabs.o)
 .ARM.attributes
                0x000003a1       0x36 C:\Softwares\CooCox\GNU Tools ARM Embedded\4.6 2012q2\arm-none-eabi\lib\armv7e-m\fpu\libm.a(lib_a-s_sin.o)
 .ARM.attributes
                0x000003d7       0x36 C:\Softwares\CooCox\GNU Tools ARM Embedded\4.6 2012q2\arm-none-eabi\lib\armv7e-m\fpu\libm.a(lib_a-w_acos.o)
 .ARM.attributes
                0x0000040d       0x36 C:\Softwares\CooCox\GNU Tools ARM Embedded\4.6 2012q2\arm-none-eabi\lib\armv7e-m\fpu\libm.a(lib_a-e_acos.o)
 .ARM.attributes
                0x00000443       0x36 C:\Softwares\CooCox\GNU Tools ARM Embedded\4.6 2012q2\arm-none-eabi\lib\armv7e-m\fpu\libm.a(lib_a-e_rem_pio2.o)
 .ARM.attributes
                0x00000479       0x36 C:\Softwares\CooCox\GNU Tools ARM Embedded\4.6 2012q2\arm-none-eabi\lib\armv7e-m\fpu\libm.a(lib_a-e_sqrt.o)
 .ARM.attributes
                0x000004af       0x36 C:\Softwares\CooCox\GNU Tools ARM Embedded\4.6 2012q2\arm-none-eabi\lib\armv7e-m\fpu\libm.a(lib_a-k_cos.o)
 .ARM.attributes
                0x000004e5       0x36 C:\Softwares\CooCox\GNU Tools ARM Embedded\4.6 2012q2\arm-none-eabi\lib\armv7e-m\fpu\libm.a(lib_a-k_rem_pio2.o)
 .ARM.attributes
                0x0000051b       0x36 C:\Softwares\CooCox\GNU Tools ARM Embedded\4.6 2012q2\arm-none-eabi\lib\armv7e-m\fpu\libm.a(lib_a-k_sin.o)
 .ARM.attributes
                0x00000551       0x36 C:\Softwares\CooCox\GNU Tools ARM Embedded\4.6 2012q2\arm-none-eabi\lib\armv7e-m\fpu\libm.a(lib_a-s_floor.o)
 .ARM.attributes
                0x00000587       0x36 C:\Softwares\CooCox\GNU Tools ARM Embedded\4.6 2012q2\arm-none-eabi\lib\armv7e-m\fpu\libm.a(lib_a-s_fpclassify.o)
 .ARM.attributes
                0x000005bd       0x36 C:\Softwares\CooCox\GNU Tools ARM Embedded\4.6 2012q2\arm-none-eabi\lib\armv7e-m\fpu\libm.a(lib_a-s_lib_ver.o)
 .ARM.attributes
                0x000005f3       0x36 C:\Softwares\CooCox\GNU Tools ARM Embedded\4.6 2012q2\arm-none-eabi\lib\armv7e-m\fpu\libm.a(lib_a-s_matherr.o)
 .ARM.attributes
                0x00000629       0x36 C:\Softwares\CooCox\GNU Tools ARM Embedded\4.6 2012q2\arm-none-eabi\lib\armv7e-m\fpu\libm.a(lib_a-s_nan.o)
 .ARM.attributes
                0x0000065f       0x36 C:\Softwares\CooCox\GNU Tools ARM Embedded\4.6 2012q2\arm-none-eabi\lib\armv7e-m\fpu\libm.a(lib_a-s_scalbn.o)
 .ARM.attributes
                0x00000695       0x36 C:\Softwares\CooCox\GNU Tools ARM Embedded\4.6 2012q2\arm-none-eabi\lib\armv7e-m\fpu\libm.a(lib_a-s_copysign.o)
 .ARM.attributes
                0x000006cb       0x24 c:/softwares/coocox/gnu tools arm embedded/4.6 2012q2/bin/../lib/gcc/arm-none-eabi/4.6.2/armv7e-m/fpu\libgcc.a(_arm_addsubdf3.o)
 .ARM.attributes
                0x000006ef       0x24 c:/softwares/coocox/gnu tools arm embedded/4.6 2012q2/bin/../lib/gcc/arm-none-eabi/4.6.2/armv7e-m/fpu\libgcc.a(_arm_muldivdf3.o)
 .ARM.attributes
                0x00000713       0x24 c:/softwares/coocox/gnu tools arm embedded/4.6 2012q2/bin/../lib/gcc/arm-none-eabi/4.6.2/armv7e-m/fpu\libgcc.a(_arm_cmpdf2.o)
 .ARM.attributes
                0x00000737       0x24 c:/softwares/coocox/gnu tools arm embedded/4.6 2012q2/bin/../lib/gcc/arm-none-eabi/4.6.2/armv7e-m/fpu\libgcc.a(_arm_fixdfsi.o)
 .ARM.attributes
                0x0000075b       0x24 c:/softwares/coocox/gnu tools arm embedded/4.6 2012q2/bin/../lib/gcc/arm-none-eabi/4.6.2/armv7e-m/fpu\libgcc.a(_arm_truncdfsf2.o)
 .ARM.attributes
                0x0000077f       0x36 C:\Softwares\CooCox\GNU Tools ARM Embedded\4.6 2012q2\arm-none-eabi\lib\armv7e-m\fpu\libc.a(lib_a-errno.o)
 .ARM.attributes
                0x000007b5       0x36 C:\Softwares\CooCox\GNU Tools ARM Embedded\4.6 2012q2\arm-none-eabi\lib\armv7e-m\fpu\libc.a(lib_a-impure.o)
 .ARM.attributes
                0x000007eb       0x36 C:\Softwares\CooCox\GNU Tools ARM Embedded\4.6 2012q2\arm-none-eabi\lib\armv7e-m\fpu\libc.a(lib_a-sprintf.o)
 .ARM.attributes
                0x00000821       0x36 C:\Softwares\CooCox\GNU Tools ARM Embedded\4.6 2012q2\arm-none-eabi\lib\armv7e-m\fpu\libc.a(lib_a-strlen.o)
 .ARM.attributes
                0x00000857       0x36 C:\Softwares\CooCox\GNU Tools ARM Embedded\4.6 2012q2\arm-none-eabi\lib\armv7e-m\fpu\libc.a(lib_a-svfprintf.o)
 .ARM.attributes
                0x0000088d       0x36 C:\Softwares\CooCox\GNU Tools ARM Embedded\4.6 2012q2\arm-none-eabi\lib\armv7e-m\fpu\libc.a(lib_a-vsprintf.o)
 .ARM.attributes
                0x000008c3       0x36 C:\Softwares\CooCox\GNU Tools ARM Embedded\4.6 2012q2\arm-none-eabi\lib\armv7e-m\fpu\libc.a(lib_a-dtoa.o)
 .ARM.attributes
                0x000008f9       0x36 C:\Softwares\CooCox\GNU Tools ARM Embedded\4.6 2012q2\arm-none-eabi\lib\armv7e-m\fpu\libc.a(lib_a-locale.o)
 .ARM.attributes
                0x0000092f       0x36 C:\Softwares\CooCox\GNU Tools ARM Embedded\4.6 2012q2\arm-none-eabi\lib\armv7e-m\fpu\libc.a(lib_a-mallocr.o)
 .ARM.attributes
                0x00000965       0x36 C:\Softwares\CooCox\GNU Tools ARM Embedded\4.6 2012q2\arm-none-eabi\lib\armv7e-m\fpu\libc.a(lib_a-memchr.o)
 .ARM.attributes
                0x0000099b       0x36 C:\Softwares\CooCox\GNU Tools ARM Embedded\4.6 2012q2\arm-none-eabi\lib\armv7e-m\fpu\libc.a(lib_a-memcpy.o)
 .ARM.attributes
                0x000009d1       0x36 C:\Softwares\CooCox\GNU Tools ARM Embedded\4.6 2012q2\arm-none-eabi\lib\armv7e-m\fpu\libc.a(lib_a-mlock.o)
 .ARM.attributes
                0x00000a07       0x36 C:\Softwares\CooCox\GNU Tools ARM Embedded\4.6 2012q2\arm-none-eabi\lib\armv7e-m\fpu\libc.a(lib_a-mprec.o)
 .ARM.attributes
                0x00000a3d       0x36 C:\Softwares\CooCox\GNU Tools ARM Embedded\4.6 2012q2\arm-none-eabi\lib\armv7e-m\fpu\libc.a(lib_a-sbrkr.o)
 .ARM.attributes
                0x00000a73       0x36 C:\Softwares\CooCox\GNU Tools ARM Embedded\4.6 2012q2\arm-none-eabi\lib\armv7e-m\fpu\libc.a(lib_a-strcmp.o)
 .ARM.attributes
                0x00000aa9       0x36 C:\Softwares\CooCox\GNU Tools ARM Embedded\4.6 2012q2\arm-none-eabi\lib\armv7e-m\fpu\libc.a(lib_a-svfiprintf.o)
 .ARM.attributes
                0x00000adf       0x36 C:\Softwares\CooCox\GNU Tools ARM Embedded\4.6 2012q2\arm-none-eabi\lib\armv7e-m\fpu\libc.a(lib_a-callocr.o)
 .ARM.attributes
                0x00000b15       0x36 C:\Softwares\CooCox\GNU Tools ARM Embedded\4.6 2012q2\arm-none-eabi\lib\armv7e-m\fpu\libc.a(lib_a-freer.o)
 .ARM.attributes
                0x00000b4b       0x36 C:\Softwares\CooCox\GNU Tools ARM Embedded\4.6 2012q2\arm-none-eabi\lib\armv7e-m\fpu\libc.a(lib_a-memmove.o)
 .ARM.attributes
                0x00000b81       0x36 C:\Softwares\CooCox\GNU Tools ARM Embedded\4.6 2012q2\arm-none-eabi\lib\armv7e-m\fpu\libc.a(lib_a-memset.o)
 .ARM.attributes
                0x00000bb7       0x36 C:\Softwares\CooCox\GNU Tools ARM Embedded\4.6 2012q2\arm-none-eabi\lib\armv7e-m\fpu\libc.a(lib_a-reallocr.o)
 .ARM.attributes
                0x00000bed       0x36 C:\Softwares\CooCox\GNU Tools ARM Embedded\4.6 2012q2\arm-none-eabi\lib\armv7e-m\fpu\libc.a(lib_a-reent.o)
 .ARM.attributes
                0x00000c23       0x24 c:/softwares/coocox/gnu tools arm embedded/4.6 2012q2/bin/../lib/gcc/arm-none-eabi/4.6.2/armv7e-m/fpu\libgcc.a(_aeabi_uldivmod.o)
 .ARM.attributes
                0x00000c47       0x36 c:/softwares/coocox/gnu tools arm embedded/4.6 2012q2/bin/../lib/gcc/arm-none-eabi/4.6.2/armv7e-m/fpu\libgcc.a(bpabi.o)
 .ARM.attributes
                0x00000c7d       0x36 c:/softwares/coocox/gnu tools arm embedded/4.6 2012q2/bin/../lib/gcc/arm-none-eabi/4.6.2/armv7e-m/fpu\libgcc.a(unwind-arm.o)
 .ARM.attributes
                0x00000cb3       0x24 c:/softwares/coocox/gnu tools arm embedded/4.6 2012q2/bin/../lib/gcc/arm-none-eabi/4.6.2/armv7e-m/fpu\libgcc.a(libunwind.o)
 .ARM.attributes
                0x00000cd7       0x36 c:/softwares/coocox/gnu tools arm embedded/4.6 2012q2/bin/../lib/gcc/arm-none-eabi/4.6.2/armv7e-m/fpu\libgcc.a(pr-support.o)
 .ARM.attributes
                0x00000d0d       0x24 c:/softwares/coocox/gnu tools arm embedded/4.6 2012q2/bin/../lib/gcc/arm-none-eabi/4.6.2/armv7e-m/fpu\libgcc.a(_dvmd_tls.o)
 .ARM.attributes
                0x00000d31       0x36 c:/softwares/coocox/gnu tools arm embedded/4.6 2012q2/bin/../lib/gcc/arm-none-eabi/4.6.2/armv7e-m/fpu\libgcc.a(_divdi3.o)
 .ARM.attributes
                0x00000d67       0x36 c:/softwares/coocox/gnu tools arm embedded/4.6 2012q2/bin/../lib/gcc/arm-none-eabi/4.6.2/armv7e-m/fpu\libgcc.a(_udivdi3.o)

.debug_frame    0x00000000     0x315c
 .debug_frame   0x00000000      0x36c ..\obj\yume_lcd.o
 .debug_frame   0x0000036c      0x344 ..\obj\stm32f4xx_usart.o
 .debug_frame   0x000006b0       0x48 ..\obj\startup_stm32f4xx.o
 .debug_frame   0x000006f8      0x574 ..\obj\main.o
 .debug_frame   0x00000c6c      0x4d8 ..\obj\stm32f4xx_rcc.o
 .debug_frame   0x00001144       0xf0 ..\obj\yume_systick_delay.o
 .debug_frame   0x00001234      0x19c ..\obj\stm32f4xx_gpio.o
 .debug_frame   0x000013d0       0x64 ..\obj\system_stm32f4xx.o
 .debug_frame   0x00001434      0x108 ..\obj\syscalls.o
 .debug_frame   0x0000153c      0x2d0 ..\obj\stm32f4xx_spi.o
 .debug_frame   0x0000180c       0x9c ..\obj\misc.o
 .debug_frame   0x000018a8      0xa3c ..\obj\stm32f4xx_tim.o
 .debug_frame   0x000022e4       0x38 C:\Softwares\CooCox\GNU Tools ARM Embedded\4.6 2012q2\arm-none-eabi\lib\armv7e-m\fpu\libm.a(lib_a-s_atan.o)
 .debug_frame   0x0000231c       0x28 C:\Softwares\CooCox\GNU Tools ARM Embedded\4.6 2012q2\arm-none-eabi\lib\armv7e-m\fpu\libm.a(lib_a-s_cos.o)
 .debug_frame   0x00002344       0x20 C:\Softwares\CooCox\GNU Tools ARM Embedded\4.6 2012q2\arm-none-eabi\lib\armv7e-m\fpu\libm.a(lib_a-s_fabs.o)
 .debug_frame   0x00002364       0x28 C:\Softwares\CooCox\GNU Tools ARM Embedded\4.6 2012q2\arm-none-eabi\lib\armv7e-m\fpu\libm.a(lib_a-s_sin.o)
 .debug_frame   0x0000238c       0x34 C:\Softwares\CooCox\GNU Tools ARM Embedded\4.6 2012q2\arm-none-eabi\lib\armv7e-m\fpu\libm.a(lib_a-w_acos.o)
 .debug_frame   0x000023c0       0x40 C:\Softwares\CooCox\GNU Tools ARM Embedded\4.6 2012q2\arm-none-eabi\lib\armv7e-m\fpu\libm.a(lib_a-e_acos.o)
 .debug_frame   0x00002400       0x38 C:\Softwares\CooCox\GNU Tools ARM Embedded\4.6 2012q2\arm-none-eabi\lib\armv7e-m\fpu\libm.a(lib_a-e_rem_pio2.o)
 .debug_frame   0x00002438       0x3c C:\Softwares\CooCox\GNU Tools ARM Embedded\4.6 2012q2\arm-none-eabi\lib\armv7e-m\fpu\libm.a(lib_a-e_sqrt.o)
 .debug_frame   0x00002474       0x40 C:\Softwares\CooCox\GNU Tools ARM Embedded\4.6 2012q2\arm-none-eabi\lib\armv7e-m\fpu\libm.a(lib_a-k_cos.o)
 .debug_frame   0x000024b4       0x3c C:\Softwares\CooCox\GNU Tools ARM Embedded\4.6 2012q2\arm-none-eabi\lib\armv7e-m\fpu\libm.a(lib_a-k_rem_pio2.o)
 .debug_frame   0x000024f0       0x40 C:\Softwares\CooCox\GNU Tools ARM Embedded\4.6 2012q2\arm-none-eabi\lib\armv7e-m\fpu\libm.a(lib_a-k_sin.o)
 .debug_frame   0x00002530       0x34 C:\Softwares\CooCox\GNU Tools ARM Embedded\4.6 2012q2\arm-none-eabi\lib\armv7e-m\fpu\libm.a(lib_a-s_floor.o)
 .debug_frame   0x00002564       0x20 C:\Softwares\CooCox\GNU Tools ARM Embedded\4.6 2012q2\arm-none-eabi\lib\armv7e-m\fpu\libm.a(lib_a-s_fpclassify.o)
 .debug_frame   0x00002584       0x20 C:\Softwares\CooCox\GNU Tools ARM Embedded\4.6 2012q2\arm-none-eabi\lib\armv7e-m\fpu\libm.a(lib_a-s_matherr.o)
 .debug_frame   0x000025a4       0x20 C:\Softwares\CooCox\GNU Tools ARM Embedded\4.6 2012q2\arm-none-eabi\lib\armv7e-m\fpu\libm.a(lib_a-s_nan.o)
 .debug_frame   0x000025c4       0x28 C:\Softwares\CooCox\GNU Tools ARM Embedded\4.6 2012q2\arm-none-eabi\lib\armv7e-m\fpu\libm.a(lib_a-s_scalbn.o)
 .debug_frame   0x000025ec       0x28 C:\Softwares\CooCox\GNU Tools ARM Embedded\4.6 2012q2\arm-none-eabi\lib\armv7e-m\fpu\libm.a(lib_a-s_copysign.o)
 .debug_frame   0x00002614       0x20 C:\Softwares\CooCox\GNU Tools ARM Embedded\4.6 2012q2\arm-none-eabi\lib\armv7e-m\fpu\libc.a(lib_a-errno.o)
 .debug_frame   0x00002634       0x60 C:\Softwares\CooCox\GNU Tools ARM Embedded\4.6 2012q2\arm-none-eabi\lib\armv7e-m\fpu\libc.a(lib_a-sprintf.o)
 .debug_frame   0x00002694       0x20 C:\Softwares\CooCox\GNU Tools ARM Embedded\4.6 2012q2\arm-none-eabi\lib\armv7e-m\fpu\libc.a(lib_a-strlen.o)
 .debug_frame   0x000026b4       0x3c C:\Softwares\CooCox\GNU Tools ARM Embedded\4.6 2012q2\arm-none-eabi\lib\armv7e-m\fpu\libc.a(lib_a-svfprintf.o)
 .debug_frame   0x000026f0       0x48 C:\Softwares\CooCox\GNU Tools ARM Embedded\4.6 2012q2\arm-none-eabi\lib\armv7e-m\fpu\libc.a(lib_a-vsprintf.o)
 .debug_frame   0x00002738       0x64 C:\Softwares\CooCox\GNU Tools ARM Embedded\4.6 2012q2\arm-none-eabi\lib\armv7e-m\fpu\libc.a(lib_a-dtoa.o)
 .debug_frame   0x0000279c       0x98 C:\Softwares\CooCox\GNU Tools ARM Embedded\4.6 2012q2\arm-none-eabi\lib\armv7e-m\fpu\libc.a(lib_a-locale.o)
 .debug_frame   0x00002834       0x38 C:\Softwares\CooCox\GNU Tools ARM Embedded\4.6 2012q2\arm-none-eabi\lib\armv7e-m\fpu\libc.a(lib_a-mallocr.o)
 .debug_frame   0x0000286c       0x2c C:\Softwares\CooCox\GNU Tools ARM Embedded\4.6 2012q2\arm-none-eabi\lib\armv7e-m\fpu\libc.a(lib_a-memchr.o)
 .debug_frame   0x00002898       0x2c C:\Softwares\CooCox\GNU Tools ARM Embedded\4.6 2012q2\arm-none-eabi\lib\armv7e-m\fpu\libc.a(lib_a-memcpy.o)
 .debug_frame   0x000028c4       0x30 C:\Softwares\CooCox\GNU Tools ARM Embedded\4.6 2012q2\arm-none-eabi\lib\armv7e-m\fpu\libc.a(lib_a-mlock.o)
 .debug_frame   0x000028f4      0x228 C:\Softwares\CooCox\GNU Tools ARM Embedded\4.6 2012q2\arm-none-eabi\lib\armv7e-m\fpu\libc.a(lib_a-mprec.o)
 .debug_frame   0x00002b1c       0x2c C:\Softwares\CooCox\GNU Tools ARM Embedded\4.6 2012q2\arm-none-eabi\lib\armv7e-m\fpu\libc.a(lib_a-sbrkr.o)
 .debug_frame   0x00002b48       0x30 C:\Softwares\CooCox\GNU Tools ARM Embedded\4.6 2012q2\arm-none-eabi\lib\armv7e-m\fpu\libc.a(lib_a-strcmp.o)
 .debug_frame   0x00002b78       0x64 C:\Softwares\CooCox\GNU Tools ARM Embedded\4.6 2012q2\arm-none-eabi\lib\armv7e-m\fpu\libc.a(lib_a-svfiprintf.o)
 .debug_frame   0x00002bdc       0x28 C:\Softwares\CooCox\GNU Tools ARM Embedded\4.6 2012q2\arm-none-eabi\lib\armv7e-m\fpu\libc.a(lib_a-callocr.o)
 .debug_frame   0x00002c04       0x50 C:\Softwares\CooCox\GNU Tools ARM Embedded\4.6 2012q2\arm-none-eabi\lib\armv7e-m\fpu\libc.a(lib_a-freer.o)
 .debug_frame   0x00002c54       0x2c C:\Softwares\CooCox\GNU Tools ARM Embedded\4.6 2012q2\arm-none-eabi\lib\armv7e-m\fpu\libc.a(lib_a-memmove.o)
 .debug_frame   0x00002c80       0x2c C:\Softwares\CooCox\GNU Tools ARM Embedded\4.6 2012q2\arm-none-eabi\lib\armv7e-m\fpu\libc.a(lib_a-memset.o)
 .debug_frame   0x00002cac       0x38 C:\Softwares\CooCox\GNU Tools ARM Embedded\4.6 2012q2\arm-none-eabi\lib\armv7e-m\fpu\libc.a(lib_a-reallocr.o)
 .debug_frame   0x00002ce4       0x68 C:\Softwares\CooCox\GNU Tools ARM Embedded\4.6 2012q2\arm-none-eabi\lib\armv7e-m\fpu\libc.a(lib_a-reent.o)
 .debug_frame   0x00002d4c       0x50 c:/softwares/coocox/gnu tools arm embedded/4.6 2012q2/bin/../lib/gcc/arm-none-eabi/4.6.2/armv7e-m/fpu\libgcc.a(bpabi.o)
 .debug_frame   0x00002d9c      0x26c c:/softwares/coocox/gnu tools arm embedded/4.6 2012q2/bin/../lib/gcc/arm-none-eabi/4.6.2/armv7e-m/fpu\libgcc.a(unwind-arm.o)
 .debug_frame   0x00003008       0xec c:/softwares/coocox/gnu tools arm embedded/4.6 2012q2/bin/../lib/gcc/arm-none-eabi/4.6.2/armv7e-m/fpu\libgcc.a(pr-support.o)
 .debug_frame   0x000030f4       0x34 c:/softwares/coocox/gnu tools arm embedded/4.6 2012q2/bin/../lib/gcc/arm-none-eabi/4.6.2/armv7e-m/fpu\libgcc.a(_divdi3.o)
 .debug_frame   0x00003128       0x34 c:/softwares/coocox/gnu tools arm embedded/4.6 2012q2/bin/../lib/gcc/arm-none-eabi/4.6.2/armv7e-m/fpu\libgcc.a(_udivdi3.o)
